// Vitest Snapshot v1, https://vitest.dev/guide/snapshot.html

exports[`P1-05 Oyun ↔ Bilgi Motoru Testleri > 35+ Kart Snapshot & v4 Sözleşmesi > kart snapshot'ı kararlıdır ve tüm alanları içerir 1`] = `
[
  {
    "art": "lacS",
    "deep": "Zorunlu heterofermentatif çubuk bakteri. En hızlı ~33 °C'de büyür, 41 °C üstünde büyüyemez. Eski adı Lactobacillus sanfranciscensis; 2020'de yeni cinse taşındı.",
    "id": "f_sanfranciscensis",
    "kind": "canli",
    "name": "Fructilactobacillus sanfranciscensis",
    "short": "Ekşi mayanın simge bakterisi; ekşiliği ve aromayı o yapar.",
    "why": "Maltozu parçalayıp laktik asit, asetik asit ve biraz CO₂ üretir. Bölünürken çıkardığı glukozu mayalara bırakır.",
  },
  {
    "art": "lacS",
    "deep": "Fakültatif heterofermentatif. Bitki yüzeylerinde, tahılda ve fermente gıdalarda yaygındır. Kendiliğinden kurulan mayalarda 4–6. günlerde öne çıkar.",
    "id": "l_plantarum",
    "kind": "canli",
    "name": "Lactiplantibacillus plantarum",
    "short": "Bitkilerden gelen dayanıklı bir laktik bakteri; yeni mayaların kurucularından.",
    "why": "Çok çeşitli şekerleri kullanabildiği için mayanın ilk günlerinde hızla çoğalır ve asidi yükseltir.",
  },
  {
    "art": "lacP",
    "deep": "Kok (yuvarlak) ya da kısa çubuk; çift ve zincir halinde. Heterofermentatif oldukları için biraz CO₂ de üretirler.",
    "id": "oncu_lab",
    "kind": "canli",
    "name": "Öncü laktik bakteriler",
    "short": "Yeni mayanın ilk asitçileri; ortamı ekşi maya uzmanlarına hazırlarlar.",
    "why": "İlk 1–3 günde çoğalıp pH'ı 5'in altına indirirler. Asit arttıkça kendileri de çekilir; yerlerini aside daha dayanıklı bakteriler alır.",
  },
  {
    "art": "ent",
    "deep": "Kendiliğinden kurulan mayada ilk 24 saatin baskın grubu. Laktik bakterilerin asidi onları birkaç günde temizler.",
    "id": "enterobakteri",
    "kind": "canli",
    "name": "Enterobakteriler",
    "short": "1. günün sahte kabarması onların işi; asit yükselince elenirler.",
    "why": "Undan gelirler, nötr pH'ta çok hızlı çoğalıp gaz ve kötü koku üretirler. pH ~4,5 altına inince dayanamazlar.",
  },
  {
    "art": "yst",
    "deep": "En hızlı ~27 °C'de büyür, 36 °C üstünde büyüyemez. Eski adı Candida humilis / C. milleri. Aside çok dayanıklıdır.",
    "id": "k_humilis",
    "kind": "canli",
    "name": "Kazachstania humilis",
    "short": "Ekşi mayanın yabani mayası; maltoz yemez, bakterinin artığıyla yaşar.",
    "why": "Maltozu kullanamaz; F. sanfranciscensis'in maltozu parçalarken bıraktığı glukozla beslenir. Yarış yerine iş bölümü.",
  },
  {
    "art": "yst",
    "deep": "Hamurda gaz üretimi daha sıcakta (~32–36 °C) en hızlıdır. Saf fırıncı mayası 19. yüzyılda endüstriyel olarak üretilmeye başlandı.",
    "id": "s_cerevisiae",
    "kind": "canli",
    "name": "Saccharomyces cerevisiae",
    "short": "Fırıncı mayasının yabani kuzeni; ekşi mayada da yaşar.",
    "why": "Şekeri CO₂ ve etanole çevirir; hamuru kabartan gazın büyük kısmı mayalardan gelir.",
  },
  {
    "art": "gluten",
    "deep": "Glutenin dev zincirleri disülfit köprüleriyle (–S–S–) bağlanır. Pencere testinde ışık geçiren zar, ağın gazı tutacak kadar geliştiğini gösterir.",
    "id": "gluten",
    "kind": "molekul",
    "name": "Gluten",
    "short": "Su ve emekle kurulan ağ; gazı balon gibi tutan odur.",
    "why": "Gliadin hamura akışkanlık ve uzama verir, glutenin esneklik ve direnç. Su değince birbirine tutunurlar; yoğurma zincirleri hizalar.",
  },
  {
    "art": "nisasta",
    "deep": "Buğdayda büyük (A, 15–35 µm) ve küçük (B, 2–8 µm) taneler bulunur. Değirmende zedelenen 'hasarlı' taneler amilazın kesebildiği kısımdır.",
    "id": "nisasta",
    "kind": "molekul",
    "name": "Nişasta taneleri",
    "short": "Unun çoğu nişastadır; büyük mercimek ve küçük top biçiminde taneler.",
    "why": "Fırında su emip şişerler, jelleşip iç yapıyı sabitlerler. Soğudukça yeniden düzenlenip içi oturturlar.",
  },
  {
    "art": "amilaz",
    "deep": "β-amilaz en etkin 62–64 °C'de, 82–84 °C'de söner; α-amilaz daha ısıya dayanıklıdır. Düşük pH amilazı frenler; çavdarda bu yüzden ekşi maya şarttır.",
    "id": "amilaz",
    "kind": "enzim",
    "name": "Amilaz",
    "short": "Nişastayı şekere kesen makas: mayanın yemeğini o hazırlar.",
    "why": "β-amilaz uçtan maltoz koparır, α-amilaz zinciri ortadan böler. Yalnız hasarlı nişastaya erişebilirler.",
  },
  {
    "art": "proteaz",
    "deep": "Aspartik proteinazlar. Kestikleri parçaları bakteri peptidazları amino asitlere ayırır: bunlar aromanın hammaddesidir. Aşırı mayalanmada ağ çözülür.",
    "id": "proteaz",
    "kind": "enzim",
    "name": "Proteaz",
    "short": "Asit yükselince uyanan ağ kesici; fazlası hamuru çorba yapar.",
    "why": "Unun kendi proteazları nötr pH'ta uyur; ekşi mayanın asidi pH'ı ~4'e indirince uyanıp gluteni keser.",
  },
  {
    "art": "maltoz",
    "deep": "F. sanfranciscensis maltozu fosforilazla parçalar ve glukozu dışarı bırakır; maltoz kullanamayan K. humilis bu glukozla beslenir.",
    "id": "maltoz",
    "kind": "molekul",
    "name": "Maltoz",
    "short": "İki glukozun el ele hali: hamurdaki ana yakıt.",
    "why": "Amilaz nişastadan maltoz keser; bakteriler ve mayalar bunu yakıp asit ve gaz üretir.",
  },
  {
    "art": "co2",
    "deep": "Fırında CO₂'nin çözünürlüğü düşer, gaz kabarcıklara geçip genleşir: fırın kabarmasının bir kısmı budur.",
    "id": "co2",
    "kind": "molekul",
    "name": "Karbondioksit",
    "short": "Hamuru kabartan gaz; önce suda çözünür.",
    "why": "Maya ve bazı bakteriler CO₂ üretir. Gaz önce hamurun suyunda çözünür; su doyunca kabarcıklara geçer.",
  },
  {
    "art": "asit",
    "deep": "İkisinin molar oranına fermentasyon katsayısı denir. Asit pH'ı düşürür, istenmeyen mikropları eler ve küfü geciktirir.",
    "id": "asitler",
    "kind": "molekul",
    "name": "Laktik ve asetik asit",
    "short": "Laktik yoğurt gibi yumuşak, asetik sirke gibi keskin.",
    "why": "Sıcak ve sulu maya laktiği, serin ve sıkı maya asetiği artırır. Dolapta bekleyen hamurda asetik payı yükselir.",
  },
  {
    "art": "tuz",
    "deep": "Unun %2'si civarı yaygındır. Tuzu en sonda eklemenin belirgin bir farkı denemelerde görülmemiştir; kural tartışmalıdır.",
    "id": "tuz",
    "kind": "molekul",
    "name": "Tuz",
    "short": "Ağı sıkılaştırır, mayayı frenler, lezzeti açar.",
    "why": "Proteinlerdeki yükleri perdeleyerek hamuru daha sıkı ve daha az yapışkan yapar; ozmotik baskıyla mayaları ve bakterileri yavaşlatır.",
  },
  {
    "art": "fitaz",
    "deep": "Uzun ekşi maya fermentasyonunda fitik asidin %50–70'ten fazlası parçalanabilir (Leenhardt ve ark. 2005).",
    "id": "fitaz",
    "kind": "enzim",
    "name": "Fitaz",
    "short": "Kepekteki fitik asidi parçalayan enzim; asit onu çalıştırır.",
    "why": "Ekşi mayanın düşürdüğü pH, unun kendi fitazını çalıştırır; fitik asit parçalanır ve ona bağlı mineraller serbest kalır.",
  },
  {
    "art": "pentozan",
    "deep": "Çavdar proteinleri (secalin) ağ kuramaz. Asit pentozanların suda çözünmesini ve su tutmasını da artırır.",
    "id": "pentozan",
    "kind": "molekul",
    "name": "Pentozanlar",
    "short": "Çavdarın süngeri: gluten yerine yapıyı onlar taşır.",
    "why": "Arabinoksilanlar suyu sünger gibi çeker, şişip jel kurar. Çavdar hamurunu bu jel ayakta tutar.",
  },
  {
    "art": "aroma",
    "deep": "Ekşi mayalı ekmeğin kabuk aromasında önemli bir bileşik. Yani kabuğun kokusu bir gece önce dolapta hazırlanır.",
    "id": "aroma_2ap",
    "kind": "molekul",
    "name": "2-asetil-1-pirolin",
    "short": "Kabuğun kavrulmuş, fındıksı kokusu; tarifi bakteriden başlar.",
    "why": "Bazı laktik bakteriler arginini ornitine çevirir; ornitin fırında Maillard tepkimesiyle bu kokuya dönüşür.",
  },
  {
    "art": "ardisiklik",
    "deep": "pH 6,2 → 5,0–5,5 (1. gün) → 4,0–4,5 (2–3) → 3,5–4,0 (olgun). Olgun mayada bakteri 10⁸–10⁹, maya 10⁶–10⁷ KOB/g.",
    "id": "olay_ardisiklik",
    "kind": "olay",
    "name": "Bir mayanın doğuşu",
    "short": "1. gün sahte kabarma, 3. gün sessizlik, 5–7. gün gerçek maya.",
    "why": "İlk gün enterobakteriler patlar; öncü bakterilerin asidi onları eler; asit dayanıklılar ve mayalar yerleşince topluluk oturur.",
  },
  {
    "art": "kabarcik",
    "deep": "Bu yüzden yoğurma ve katlama ekmeğin iç dokusunu belirler: gözeneklerin sayısı karıştırmada, büyüklüğü mayalanmada belirlenir.",
    "id": "olay_kabarcik",
    "kind": "olay",
    "name": "Kabarcıklar yoğurmada doğar",
    "short": "Maya yeni kabarcık yaratamaz; yalnız var olanları şişirir.",
    "why": "Yoğururken hamura giren minik hava kabarcıkları çekirdektir. Çözünen CO₂ bunlara geçer. Katlama yeni kabarcık eklemez; büyükleri böler.",
  },
  {
    "art": "otoliz",
    "deep": "Raymond Calvel'in 1974'te tanımladığı yöntem. Daha kısa yoğurma, daha uzayabilir hamur.",
    "id": "olay_otoliz",
    "kind": "teknik",
    "name": "Otoliz",
    "short": "Un ve su dinlenirken ağ kendiliğinden kurulmaya başlar.",
    "why": "Un suyu tamamen çeker, proteinler kendiliğinden bağlanır, proteazlar ağı hafifçe gevşetir, amilaz şeker hazırlar.",
  },
  {
    "art": "soguk_su",
    "deep": "4 × hamur sıcaklığı ≈ oda + un + maya + su + sürtünme. Sıcak hamur fermentasyonu kaçırır; enzimler hızlanıp ağı zayıflatır.",
    "id": "olay_soguk_su",
    "kind": "teknik",
    "name": "Soğuk suyun sırrı",
    "short": "Yoğurma hamuru ısıtır; soğuk su onu dengeler.",
    "why": "Hedef hamur sıcaklığı ~27 °C. Oda, un ve maya sıcaklığına yoğurmanın sürtünme ısısı da eklenir; su sıcaklığı geri kalanı ayarlar.",
  },
  {
    "art": "sicaklik",
    "deep": "Ilık ve sulu maya: daha çok laktik, daha yumuşak ekşi. Serin ve sıkı maya: daha çok asetik, daha keskin.",
    "id": "olay_sicaklik_secer",
    "kind": "olay",
    "name": "Sıcaklık kimi kayırır?",
    "short": "Serin hamur mayayı, ılık hamur bakteriyi kayırır.",
    "why": "K. humilis en hızlı ~27 °C'de, F. sanfranciscensis ~33 °C'de büyür. Sıcaklığı değiştirmek topluluğun dengesini değiştirir.",
  },
  {
    "art": "dolap",
    "deep": "Hamurun dolapta 4 °C'ye inmesi saatler sürer; ilk saatlerde mayalanma sürer. Tahsin: şekilde tam kabardıysa 4 °C, erkense önce 12–13 °C.",
    "id": "olay_dolap",
    "kind": "teknik",
    "name": "Dolapta bir gece",
    "short": "4 °C'de maya neredeyse durur, bakteriler aromayı işler.",
    "why": "Soğukta gaz üretimi durur ama bakteriler yavaşça asit ve aroma üretmeye devam eder. Soğuk hamur kesik için de sıkılaşır.",
  },
  {
    "art": "firin",
    "deep": "Su kaynamadan iç 100 °C'yi geçemez. Kabukta ise su uçtuktan sonra Maillard tepkimeleri renk ve koku verir.",
    "id": "olay_firin",
    "kind": "olay",
    "name": "Fırının içindeki saat",
    "short": "~60 °C'de maya ölür, nişasta jelleşir, ağ donar; 92–98 °C'de iç pişer.",
    "why": "Isı merkeze ilerledikçe: son gaz patlaması, mayanın ölümü, nişastanın su emip jelleşmesi, proteinlerin pıhtılaşması.",
  },
  {
    "art": "buhar",
    "deep": "Kabarma pişmenin ilk ~15–30 dakikasında biter. Tahsin'in 20 dk buharlı + 20 dk buharsız düzeni bu aralıktadır.",
    "id": "olay_buhar",
    "kind": "teknik",
    "name": "Buharın işi",
    "short": "Buhar kabuğu geciktirir: kulak kalkar, kabuk parlar.",
    "why": "Soğuk hamura yoğuşan buhar yüzeyi esnek tutar, kesik açılır. Yüzey nişastası jelleşip parlar. Kabarma bitince tahliye: kabuk kurur, renk alır.",
  },
  {
    "art": "bayatlama",
    "deep": "Isıtınca kristaller kısmen çözülür, ekmek bir süre tazelenir. Ekşi mayanın asidi küfü geciktirir.",
    "id": "olay_bayatlama",
    "kind": "olay",
    "name": "Bayatlama kuruma değildir",
    "short": "Ekmeği buzdolabına koyma: en hızlı orada bayatlar. Dondur.",
    "why": "Jelleşmiş nişasta soğudukça yeniden kristalleşir (retrogradasyon). Bu tepkime ~4 °C civarında en hızlıdır; -20 °C'de durur.",
  },
  {
    "art": "kesme",
    "deep": "Çavdarda iç gluten değil jel ve nişastayla tutunur; oturması 24–48 saat sürer.",
    "id": "olay_kesme",
    "kind": "teknik",
    "name": "Kesmek için sabır",
    "short": "Sıcak ekmeği kesersen içi hamurumsu olur.",
    "why": "Nişasta oturmamış, nem dağılmamıştır. Köy ekmeği ~3 saat, yoğun siyez ~1 gün, çavdar 1–2 gün bekler.",
  },
  {
    "art": "hava",
    "deep": "Fırıncının elleri de mikrop taşır ama ana yapıdaki payı küçüktür. F. sanfranciscensis un böceklerinin bağırsağında yaşar.",
    "id": "efsane_hava",
    "kind": "efsane",
    "name": "Efsane: maya havadan yakalanır",
    "short": "Mikroplar çoğunlukla undan gelir; havada daha çok küf sporu var.",
    "why": "500 ekşi maya karşılaştırıldığında coğrafyanın belirleyici olmadığı görüldü. Ana kaynak un ve tahıl tanesidir.",
  },
  {
    "art": "colyak",
    "deep": "Çölyak hastaları için yalnız doğal olarak glutensiz unlarla yapılan ekmekler uygundur.",
    "id": "efsane_colyak",
    "kind": "efsane",
    "name": "Efsane: ekşi maya çölyağa uygundur",
    "short": "Değildir. Buğday ve çavdarla yapılan ekşi maya ekmeği gluten içerir.",
    "why": "Fermentasyon gluteni bir miktar parçalar ama kalan miktar 20 ppm güvenlik sınırının çok üstündedir.",
  },
  {
    "art": "olu_maya",
    "deep": "Yeni başlayanların çoğu mayayı tam bu sessiz evrede atar. Birkaç gün düzenli besleme mayaları getirir.",
    "id": "efsane_olu_maya",
    "kind": "efsane",
    "name": "Efsane: 3. gün sessizleşen maya öldü",
    "short": "Ölmedi; asit yükseliyor, asıl topluluk yerleşiyor. Sabret.",
    "why": "İlk günün kabarması enterobakterilerdendi. Asit onları eledi; mayalar henüz azken gaz azalır.",
  },
  {
    "art": "dolap_ekmek",
    "deep": "Dondurulmuş dilimler kızartılınca neredeyse taze ekmek gibi olur.",
    "id": "efsane_dolap_ekmek",
    "kind": "efsane",
    "name": "Efsane: ekmek buzdolabında taze kalır",
    "short": "Tersine: buzdolabı bayatlamayı hızlandırır.",
    "why": "Nişastanın yeniden kristalleşmesi ~4 °C'de en hızlıdır. Saklamak için oda sıcaklığı (kısa süre) ya da derin dondurucu.",
  },
  {
    "art": "shubayqa",
    "deep": "Yabani siyez, arpa ve saz yumrularından yapılmış mayasız yassı ekmek. İnsanlar ekmeği tarımdan önce yapmış olabilir.",
    "id": "tarih_shubayqa",
    "kind": "tarih",
    "name": "14.400 yıllık ekmek",
    "short": "En eski ekmek tarımdan binlerce yıl önce, yabani siyezle yapıldı.",
    "why": "Ürdün'de Shubayqa 1'de Natufi avcı-toplayıcıların ocaklarında kömürleşmiş ekmek kırıntıları bulundu.",
  },
  {
    "art": "karacadag",
    "deep": "Siyez (Triticum monococcum) en eski evcil buğdaylardandır. Gluteni zayıf ve az elastiktir; sarı rengini karotenoidler (lutein) verir.",
    "id": "tarih_karacadag",
    "kind": "tarih",
    "name": "Siyezin evi: Karacadağ",
    "short": "Siyez Güneydoğu Anadolu'da, Karacadağ'da evcilleştirildi.",
    "why": "Genetik karşılaştırma, ekili siyezin en yakın yabani akrabasının Karacadağ dağlarında yetiştiğini gösterdi.",
  },
  {
    "art": "cavdar",
    "deep": "Bu yüzden Kuzey ve Doğu Avrupa'nın çavdar ekmekleri yüzyıllardır ekşi mayayla yapılır ve kesilmeden 1–2 gün dinlendirilir.",
    "id": "tarih_cavdar",
    "kind": "tarih",
    "name": "Çavdar neden hep ekşi?",
    "short": "Çavdarda amilaz güçlüdür; asit olmadan içi vıcık vıcık olur.",
    "why": "Çavdar nişastası düşük sıcaklıkta jelleşir; fırında güçlü amilaz bu jeli keser. Ekşi mayanın asidi amilazı frenler.",
  },
  {
    "art": "fruktan",
    "deep": "12–48 saatlik fermentasyonlarda fruktanların büyük bölümü kaybolur (Loponen & Gänzle 2018). Bu bir sağlık vaadi değil, fermentasyonun kimyasıdır.",
    "id": "tarih_fruktan",
    "kind": "olay",
    "name": "Uzun mayalanmada fruktanlar",
    "short": "Uzun fermentasyonda mayalar ve bakteriler fruktanların çoğunu tüketir.",
    "why": "Buğdaydaki fruktanlar mayaların invertaz enzimiyle parçalanıp yakıt olur.",
  },
]
`;
